[2026-04-14 18:04:00] INFO: Banking system starting...
[2026-04-14 18:04:00] INFO: No existing data file found at data/customer.json. Starting with empty customer list.
[2026-04-14 18:04:00] INFO: Loaded 0 existing customers.
[2026-04-14 18:04:00] INFO: No existing data found. Creating sample customers...
[2026-04-14 18:04:00] INFO: Created Personal Account for John Doe: 24975618
[2026-04-14 18:04:00] INFO: Created ISA Account for Jane Smith: 83710639
[2026-04-14 18:04:00] INFO: Created Business Account for Acme Corp: 50336400
[2026-04-14 18:04:00] INFO: Successfully saved 3 customers to data/customer.json
[2026-04-14 18:04:00] INFO: Saved 3 customer to data/customers.json
[2026-04-14 18:04:00] INFO: Banking system finished.
[2026-04-14 18:04:00] INFO:  
[2026-04-14 18:04:14] INFO: Banking system starting...
[2026-04-14 18:04:14] INFO: Successfully loaded 3 customers from data/customer.json
[2026-04-14 18:04:14] INFO: Loaded 3 existing customers.
[2026-04-14 18:04:14] INFO: Successfully saved 3 customers to data/customer.json
[2026-04-14 18:04:14] INFO: Saved 3 customer to data/customers.json
[2026-04-14 18:04:14] INFO: Banking system finished.
[2026-04-14 18:04:14] INFO:  
[2026-04-14 18:18:54] INFO: Banking system starting...
[2026-04-14 18:18:54] INFO: Successfully loaded 3 customers from data/customer.json
[2026-04-14 18:18:54] INFO: Loaded 3 existing customers.
[2026-04-14 18:18:54] INFO: Successfully saved 3 customers to data/customer.json
[2026-04-14 18:18:54] INFO: Saved 3 customer to data/customers.json
[2026-04-14 18:18:54] INFO: Banking system finished.
[2026-04-14 18:18:54] INFO:  
